// Jest Snapshot v1, https://goo.gl/fbAQLP

exports[`<IssueLink /> should match the snapshot 1`] = `
<StyledComponent
  forwardedComponent={
    Object {
      "$$typeof": Symbol(react.forward_ref),
      "attrs": Array [],
      "componentStyle": ComponentStyle {
        "componentId": "sc-bwzfXH",
        "isStatic": true,
        "rules": Array [
          "
  color: #41addd;
  &:hover {
    color: #6cc0e5;
  }
",
          "
  height: 100%;
  color: black;
  display: flex;
  align-items: center;
  justify-content: center;
",
        ],
      },
      "displayName": "Styled(styled.a)",
      "foldedComponentIds": Array [
        "sc-bdVaJa",
      ],
      "render": [Function],
      "styledComponentId": "sc-bwzfXH",
      "target": "a",
      "toString": [Function],
      "warnTooManyClasses": [Function],
      "withComponent": [Function],
    }
  }
  forwardedRef={null}
/>
`;
